Input either a strictly positive integer
or a nonempty list of strictly positive integers:   In base 2, [2, 4, 8, 16, 32] reads as [10, 100, 1000, 10000, 100000]
  It is encoded by 13609683913728
