Input either a strictly positive integer
or a nonempty list of strictly positive integers:   In base 2, 51315663 reads as 11000011110000001111001111
  It encodes:  [4891]
