Input either a strictly positive integer
or a nonempty list of strictly positive integers:   In base 2, 424896 reads as 1100111101111000000
  It encodes:  [11, 24]
