Input either a strictly positive integer
or a nonempty list of strictly positive integers:   In base 2, 12345 reads as 11000000111001
Incorrect encoding!
