Input either a strictly positive integer
or a nonempty list of strictly positive integers:   In base 2, 1 reads as 1
Incorrect encoding!
