Input either a strictly positive integer
or a nonempty list of strictly positive integers:   In base 2, [4891] reads as [1001100011011]
  It is encoded by 51315663
