Input either a strictly positive integer
or a nonempty list of strictly positive integers:   In base 2, [11, 24] reads as [1011, 11000]
  It is encoded by 424896
